[Licensing::Module] Trying to connect to existing licensing client channel...
Built from '6000.5/staging' branch; Version is '6000.5.0f1 (88b47c5e7076) revision 8959100'; Using compiler version '194234433'; Build Type 'Release'
OS: 'Windows 11  (10.0.26200) Core' Language: 'ja' Physical Memory: 32581 MB
[Licensing::IpcConnector] Successfully connected to: "LicenseClient-ri4re" at "2026-08-31T15:54:03.2223895Z"
BatchMode: 1, IsHumanControllingUs: 0, StartBugReporterOnCrash: 0, Is64bit: 1
System  architecture: x64
Process architecture: x64
Date: 2026-08-31T15:54:03Z

COMMAND LINE ARGUMENTS:
C:\Program Files\Unity\Hub\Editor\6000.5.0f1\Editor\Unity.exe
-adb2
-batchMode
-noUpm
-name
AssetImportWorkerHW0
-projectPath
F:/制作物/その6/ラノベファンタジー
-logFile
Logs/AssetImportWorkerHW0.log
-srvPort
58229
-parentPid
25664
-analyticsCloudUserId
anonymous
-analyticsCloudProjectId
57a4e339-a4be-4006-bbfb-fc6a430e9aa9
-analyticsLocalProjectId
e2927c1011901724bbabce1e9eee7e4a
-licensingIpc
LicenseClient-ri4re
-noDiagnosticSwitchPersistentStore
-job-worker-count
7
-background-job-worker-count
8
-asset-garbage-collectors
1
-force-d3d12
-name
AssetImport
Successfully changed project path to: F:/制作物/その6/ラノベファンタジー
F:/制作物/その6/ラノベファンタジー
[UnityMemory] Configuration Parameters - Can be set up in boot.config
    "memorysetup-temp-allocator-size-gi-baking-worker=262144"
    "memorysetup-temp-allocator-size-gi-baking-worker=262144"
    "memorysetup-temp-allocator-size-gi-baking-worker=262144"
    "memorysetup-temp-allocator-size-gi-baking-worker=262144"
    "memorysetup-temp-allocator-size-gi-baking-worker=262144"
    "memorysetup-temp-allocator-size-nav-mesh-worker=65536"
    "memorysetup-temp-allocator-size-audio-worker=65536"
    "memorysetup-temp-allocator-size-cloud-worker=32768"
    "memorysetup-temp-allocator-size-gfx=262144"
    "memorysetup-temp-allocator-size-preload-manager=33554432"
    "memorysetup-allocator-temp-initial-block-size-main=262144"
    "memorysetup-allocator-temp-initial-block-size-worker=262144"
    "memorysetup-temp-allocator-size-job-worker=262144"
    "memorysetup-temp-allocator-size-background-worker=32768"
    "memorysetup-bucket-allocator-granularity=16"
    "memorysetup-bucket-allocator-bucket-count=8"
    "memorysetup-bucket-allocator-block-size=33554432"
    "memorysetup-bucket-allocator-block-count=8"
    "memorysetup-main-allocator-block-size=16777216"
    "memorysetup-thread-allocator-block-size=16777216"
    "memorysetup-main-allocator-mimalloc-enabled=0"
    "memorysetup-gfx-main-allocator-block-size=16777216"
    "memorysetup-gfx-thread-allocator-block-size=16777216"
    "memorysetup-cache-allocator-block-size=4194304"
    "memorysetup-typetree-allocator-block-size=2097152"
    "memorysetup-profiler-bucket-allocator-granularity=16"
    "memorysetup-profiler-bucket-allocator-bucket-count=8"
    "memorysetup-profiler-bucket-allocator-block-size=33554432"
    "memorysetup-profiler-bucket-allocator-block-count=8"
    "memorysetup-profiler-allocator-block-size=16777216"
    "memorysetup-profiler-editor-allocator-block-size=1048576"
    "memorysetup-temp-allocator-size-main=16777216"
    "memorysetup-job-temp-allocator-block-size=2097152"
    "memorysetup-job-temp-allocator-block-size-background=1048576"
    "memorysetup-job-temp-allocator-reduction-small-platforms=262144"
Player connection [6480]  Target information:

Player connection [6480]  * "[IP] 192.168.10.5 [Port] 0 [Flags] 2 [Guid] 1273090619 [EditorId] 1273090619 [Version] 1048832 [Id] WindowsEditor(7,renPC) [Debug] 1 [PackageName] WindowsEditor [ProjectName] Editor" 

Player connection [6480] Host joined multi-casting on [225.0.0.222:54997]...
Player connection [6480] Host joined alternative multi-casting on [225.0.0.222:34997]...
JobSystem: Creating JobQueue using job-worker-count value 7
Input System module state changed to: Initialized.
[Physics::Module] Initialized fallback backend.
[Physics::Module] Id: 0xdecafbad
Library Redirect Path: Library/
[Physics::Module] Selected backend.
[Physics::Module] Name: PhysX
[Physics::Module] Id: 0xf2b8ea05
[Physics::Module] SDK Version: 4.1.2
[Physics::Module] Integration Version: 1.0.0
[Physics::Module] Threading Mode: Multi-Threaded
Active build profile path: `Assets/Settings/Build Profiles/DemoPlay_Windows.asset`
Got setting from build profile YAML, name `m_BuildTarget`, value `19`
Got setting from build profile YAML, name `m_Subtarget`, value `2`
Initialize engine version: 6000.5.0f1 (88b47c5e7076)
[Subsystems] Discovering subsystems at path C:/Program Files/Unity/Hub/Editor/6000.5.0f1/Editor/Data/Resources/UnitySubsystems
[Subsystems] Discovering subsystems at path F:/制作物/その6/ラノベファンタジー/Assets
Forcing GfxDevice: Direct3D 12
GfxDevice: creating device client; kGfxThreadingModeNonThreaded
d3d12: failed to query info queue interface (0x80004002).
Direct3D:
    Version:         Direct3D 12 [level 12.2]
    Renderer:        NVIDIA GeForce RTX 4060 (ID=0x2882)
    Vendor:          NVIDIA
    VRAM:            7956 MB
    App VRAM Budget: 7188 MB
    Driver:          32.0.15.9636
Initialize mono
Mono path[0] = 'C:/Program Files/Unity/Hub/Editor/6000.5.0f1/Editor/Data/Managed'
Mono path[1] = 'C:/Program Files/Unity/Hub/Editor/6000.5.0f1/Editor/Data/BCLExtensions/runtime/netstandard2.1'
Mono path[2] = 'C:/Program Files/Unity/Hub/Editor/6000.5.0f1/Editor/Data/MonoBleedingEdge/lib/mono/unityjit-win32'
Mono config path = 'C:/Program Files/Unity/Hub/Editor/6000.5.0f1/Editor/Data/MonoBleedingEdge/etc'
Using monoOptions --debugger-agent=transport=dt_socket,embedding=1,server=y,suspend=n,address=127.0.0.1:56736
CodeReloadManager initialized
Begin MonoManager ReloadAssembly
Registering precompiled unity dll's ...
Register platform support module: C:/Program Files/Unity/Hub/Editor/6000.5.0f1/Editor/Data/PlaybackEngines/WindowsStandaloneSupport/UnityEditor.WindowsStandalone.Extensions.dll
Registered in 0.001286 seconds.
Native extension for WindowsStandalone target not found
Package Manager log level set to [2]
[Package Manager] Failed to launch server process. Reason: Unity was launched with the -noUpm command-line argument
[Package Manager] Unable to send message (not connected to server process).
[Package Manager] Cannot connect to Unity Package Manager local server
ScheduleIndexationOnStartup MainProcess:False IndexOnStartup:True
Mono: successfully reloaded assembly
- Finished resetting the current domain, in  0.356 seconds
Domain Reload Profiling: 835ms
	BeginReloadAssembly (131ms)
	RebuildCommonClasses (5ms)
	RebuildNativeTypeToScriptingClass (15ms)
	initialDomainReloadingComplete (55ms)
	LoadAllAssembliesAndSetupDomain (270ms)
		LoadAssemblies (128ms)
		AnalyzeDomain (200ms)
			TypeCache.Refresh (198ms)
				TypeCache.ScanAssembly (184ms)
	FinalizeReload (359ms)
		SetupLoadedEditorAssemblies (0ms)
			BeforeProcessingInitializeOnLoad (85ms)
			ProcessInitializeOnLoadAttributes (104ms)
			ProcessInitializeOnLoadMethodAttributes (104ms)
Assembly reference Packages/com.unity.cinemachine/Editor/Samples/ExposeHDRPInternals/HDRP-Editor-ref.asmref has no target assembly definition
Initializing Unity extensions:
[Licensing::Module] Licensing is not yet initialized.
[Licensing::Client] Error: HandshakeResponse reported an error:
	ResponseCode: 505
	ResponseStatus: Unsupported protocol version '1.18.1'.
[Licensing::Module] Error: Failed to handshake to channel: "LicenseClient-ri4re"
[Licensing::IpcConnector] LicenseClient-ri4re channel disconnected successfully.
[Licensing::IpcConnector] Successfully connected to: "LicenseClient-ri4re-6000.5.0" at "2026-08-31T15:54:05.2707737Z"
[Licensing::Client] Code 10 while verifying Licensing Client signature (process Id: 7512, path: "C:/Program Files/Unity/Hub/Editor/6000.5.0f1/Editor/Data/Resources/Licensing/Client/Unity.Licensing.Client.exe")
[Licensing::Module] LicensingClient has failed validation; ignoring
[Licensing::Client] Handshaking with LicensingClient:
  Version:                 1.18.1+9fbee8e
  Session Id:              0bc83846c6024bb39e2e54c89b3efd38
  Correlation Id:          9ab5be6db902eac921135be28b996085
  External correlation Id: 8330738918691025483
  Machine Id:              l55Dfwbvo0usIgon9hd1CSnxKDY=
[Licensing::Module] Successfully connected to LicensingClient on channel: "LicenseClient-ri4re-6000.5.0" (connect: 0.00s, validation: 0.00s, handshake: 0.01s)
[Licensing::IpcConnector] Successfully connected to: "LicenseClient-ri4re-6000.5.0-notifications" at "2026-08-31T15:54:05.2806716Z"
[Licensing::Module] Licensing Background thread has ended after 2.06s
[Licensing::Module] Licensing is initialized (took 0.34s).
[Licensing::Client] Successfully resolved entitlement details
[Licensing::Module] License group:
  Id: 15669719186048-UnityPersXXXX
  Product: Unity Personal
  Type: Assigned
  Expiration: Unlimited
Curl error 3: URL rejected: Malformed input to a URL function
========================================================================
Worker process is ready to serve import requests
Import Worker Mode flag is 0x00
Assembly reference Packages/com.unity.cinemachine/Editor/Samples/ExposeHDRPInternals/HDRP-Editor-ref.asmref has no target assembly definition
Assembly reference Packages/com.unity.cinemachine/Editor/Samples/ExposeHDRPInternals/HDRP-Editor-ref.asmref has no target assembly definition
Got setting from build profile YAML, name `m_Development`, value `0`
Begin MonoManager ReloadAssembly
Launched and connected shader compiler UnityShaderCompiler.exe after 0.01 seconds
Assembly reference Packages/com.unity.cinemachine/Editor/Samples/ExposeHDRPInternals/HDRP-Editor-ref.asmref has no target assembly definition
Assembly reference Packages/com.unity.cinemachine/Editor/Samples/ExposeHDRPInternals/HDRP-Editor-ref.asmref has no target assembly definition
Native extension for WindowsStandalone target not found
[Package Manager] Failed to launch server process. Reason: Unity was launched with the -noUpm command-line argument
[Package Manager] Unable to send message (not connected to server process).
[Package Manager] Cannot connect to Unity Package Manager local server
[Package Manager] Failed to launch server process. Reason: Unity was launched with the -noUpm command-line argument
[Package Manager] Unable to send message (not connected to server process).
[Package Manager] Cannot connect to Unity Package Manager local server
ScheduleIndexationOnStartup MainProcess:False IndexOnStartup:True
Mono: successfully reloaded assembly
- Finished resetting the current domain, in  0.600 seconds
Domain Reload Profiling: 1330ms
	BeginReloadAssembly (268ms)
		DisableScriptedObjects (111ms)
		CreateAndSetChildDomain (24ms)
	RebuildCommonClasses (7ms)
	RebuildNativeTypeToScriptingClass (14ms)
	initialDomainReloadingComplete (44ms)
	LoadAllAssembliesAndSetupDomain (396ms)
		LoadAssemblies (247ms)
		AnalyzeDomain (139ms)
			TypeCache.Refresh (93ms)
				TypeCache.ScanAssembly (84ms)
			BuildScriptInfoCaches (39ms)
			ResolveRequiredComponents (5ms)
	FinalizeReload (601ms)
		SetupLoadedEditorAssemblies (0ms)
			BeforeProcessingInitializeOnLoad (87ms)
			ProcessInitializeOnLoadAttributes (167ms)
			ProcessInitializeOnLoadMethodAttributes (112ms)
			AfterProcessingInitializeOnLoad (4ms)
		AwakeInstancesAfterBackupRestoration (13ms)
AcceleratorClientConnectionCallback - disconnected - :0
Unloading 23 Unused Serialized files (Serialized files now loaded: 0)
Curl error 3: URL rejected: Malformed input to a URL function
Unloading 4423 unused Assets / (5.2 MB). Loaded Objects now: 5308.
Memory consumption went from 270.1 MB to 264.9 MB.
Total: 7.232600 ms (FindLiveObjects: 0.337100 ms CreateObjectMapping: 1.481900 ms MarkObjects: 3.967400 ms  DeleteObjects: 1.444100 ms)

========================================================================
Received Prepare
AcceleratorClientConnectionCallback - disconnected - :0
Assembly reference Packages/com.unity.cinemachine/Editor/Samples/ExposeHDRPInternals/HDRP-Editor-ref.asmref has no target assembly definition
Assembly reference Packages/com.unity.cinemachine/Editor/Samples/ExposeHDRPInternals/HDRP-Editor-ref.asmref has no target assembly definition
Begin MonoManager ReloadAssembly
Assembly reference Packages/com.unity.cinemachine/Editor/Samples/ExposeHDRPInternals/HDRP-Editor-ref.asmref has no target assembly definition
Assembly reference Packages/com.unity.cinemachine/Editor/Samples/ExposeHDRPInternals/HDRP-Editor-ref.asmref has no target assembly definition
Native extension for WindowsStandalone target not found
[Package Manager] Failed to launch server process. Reason: Unity was launched with the -noUpm command-line argument
[Package Manager] Unable to send message (not connected to server process).
[Package Manager] Cannot connect to Unity Package Manager local server
[Package Manager] Failed to launch server process. Reason: Unity was launched with the -noUpm command-line argument
[Package Manager] Unable to send message (not connected to server process).
[Package Manager] Cannot connect to Unity Package Manager local server
ScheduleIndexationOnStartup MainProcess:False IndexOnStartup:True
Mono: successfully reloaded assembly
- Finished resetting the current domain, in  0.618 seconds
Domain Reload Profiling: 1195ms
	BeginReloadAssembly (235ms)
		DisableScriptedObjects (48ms)
		CreateAndSetChildDomain (31ms)
	RebuildCommonClasses (7ms)
	RebuildNativeTypeToScriptingClass (15ms)
	initialDomainReloadingComplete (49ms)
	LoadAllAssembliesAndSetupDomain (270ms)
		LoadAssemblies (251ms)
		AnalyzeDomain (20ms)
			TypeCache.Refresh (6ms)
			ResolveRequiredComponents (10ms)
	FinalizeReload (619ms)
		SetupLoadedEditorAssemblies (0ms)
			BeforeProcessingInitializeOnLoad (83ms)
			ProcessInitializeOnLoadAttributes (166ms)
			ProcessInitializeOnLoadMethodAttributes (119ms)
			AfterProcessingInitializeOnLoad (4ms)
		AwakeInstancesAfterBackupRestoration (23ms)
Unloading 23 Unused Serialized files (Serialized files now loaded: 0)
Unloading 4420 unused Assets / (4.9 MB). Loaded Objects now: 5352.
Memory consumption went from 277.2 MB to 272.4 MB.
Total: 6.981100 ms (FindLiveObjects: 0.336700 ms CreateObjectMapping: 1.486900 ms MarkObjects: 3.846700 ms  DeleteObjects: 1.309900 ms)

Prepare: number of updated asset objects reloaded= 0
========================================================================
Received Import Request.
  Time of request: 2026-08-31T15:54:38.466933Z
  Time since last request: 61572.32178450000356 seconds.
  importAddress: GUID: e1a274eee15f42d47bec90be1113ca4c - Path: Assets/SourceFiles/Scripts/Simulation/TimelineScriptEvaluator.cs - Importer: ScriptedImporter/UnityEditor.QuickSearchModule:UnityEditor.Search:ASIAI0B
Importing 'GUID: e1a274eee15f42d47bec90be1113ca4c - Path: Assets/SourceFiles/Scripts/Simulation/TimelineScriptEvaluator.cs - Importer: ScriptedImporter/UnityEditor.QuickSearchModule:UnityEditor.Search:ASIAI0B' with importer (ScriptedImporter : UnityEditor.QuickSearchModule:UnityEditor.Search:ASIAI0B)
Imported 'GUID: e1a274eee15f42d47bec90be1113ca4c' -> (Import Result ID: '935d09b7bc95263838c53f970de15d9e') in 0.082 seconds [static and dynamic dependencies]. Details - ImportResultOutputID=d48fc84192ec2132b5964b967c307e55 DependenciesID=397d3b4859bd0ee95514e376a16f39e9 StaticDependenciesID=ae746e993bdac2ebbfed9850cb6a19af 
Number of updated asset objects reloaded before import = 0
Number of asset objects unloaded after import = 0
========================================================================
Received Import Request.
  Time of request: 2026-08-31T15:54:38.5693435Z
  Time since last request: 0.0072911 seconds.
  importAddress: GUID: c324a6928dac34b42a7e6a9649ed59ac - Path: Assets/SourceFiles/Scripts/Simulation/RumorLogGenerator.cs - Importer: ScriptedImporter/UnityEditor.QuickSearchModule:UnityEditor.Search:ASIAI0B
Importing 'GUID: c324a6928dac34b42a7e6a9649ed59ac - Path: Assets/SourceFiles/Scripts/Simulation/RumorLogGenerator.cs - Importer: ScriptedImporter/UnityEditor.QuickSearchModule:UnityEditor.Search:ASIAI0B' with importer (ScriptedImporter : UnityEditor.QuickSearchModule:UnityEditor.Search:ASIAI0B)
Imported 'GUID: c324a6928dac34b42a7e6a9649ed59ac' -> (Import Result ID: 'e235d9c6b105e6835516713420412c5a') in 0.004 seconds [static and dynamic dependencies]. Details - ImportResultOutputID=4b9567eb4e455d2e98b9d46ec4da2d02 DependenciesID=1e2bc16d493abacdba0dbecf43bf30b8 StaticDependenciesID=6979db0ba37acb418875891c06cc4ae1 
Number of updated asset objects reloaded before import = 0
Number of asset objects unloaded after import = 0
========================================================================
Received Import Request.
  Time of request: 2026-08-31T15:54:38.586562Z
  Time since last request: 0.0005373 seconds.
  importAddress: GUID: c28d0f4b5e6a7192b3c4d5e6f7081a20 - Path: Assets/SourceFiles/Scripts/Simulation/NaturalEcologyEngine.cs - Importer: ScriptedImporter/UnityEditor.QuickSearchModule:UnityEditor.Search:ASIAI0B
Importing 'GUID: c28d0f4b5e6a7192b3c4d5e6f7081a20 - Path: Assets/SourceFiles/Scripts/Simulation/NaturalEcologyEngine.cs - Importer: ScriptedImporter/UnityEditor.QuickSearchModule:UnityEditor.Search:ASIAI0B' with importer (ScriptedImporter : UnityEditor.QuickSearchModule:UnityEditor.Search:ASIAI0B)
Imported 'GUID: c28d0f4b5e6a7192b3c4d5e6f7081a20' -> (Import Result ID: '082d344b26b82fd5c75b165fdd5a027f') in 0.003 seconds [static and dynamic dependencies]. Details - ImportResultOutputID=bb5d72b0cf87ee958adffae4476eca6f DependenciesID=bdb52659c95c5ddadb23f9b78b4e3314 StaticDependenciesID=949b8264d6116c9b3774006dfdf6cda5 
Number of updated asset objects reloaded before import = 0
Number of asset objects unloaded after import = 0
========================================================================
Received Import Request.
  Time of request: 2026-08-31T15:54:38.6004269Z
  Time since last request: 0.0004133 seconds.
  importAddress: GUID: a4ee55b065d83184292b6bb2e87f397c - Path: Assets/SourceFiles/Scripts/Simulation/AutoBranchGenerator.cs - Importer: ScriptedImporter/UnityEditor.QuickSearchModule:UnityEditor.Search:ASIAI0B
Importing 'GUID: a4ee55b065d83184292b6bb2e87f397c - Path: Assets/SourceFiles/Scripts/Simulation/AutoBranchGenerator.cs - Importer: ScriptedImporter/UnityEditor.QuickSearchModule:UnityEditor.Search:ASIAI0B' with importer (ScriptedImporter : UnityEditor.QuickSearchModule:UnityEditor.Search:ASIAI0B)
Imported 'GUID: a4ee55b065d83184292b6bb2e87f397c' -> (Import Result ID: '2b4416e49c707f424c09a01f04aa2316') in 0.003 seconds [static and dynamic dependencies]. Details - ImportResultOutputID=fc3fb85c51dbb55922c2f84e8cb393f0 DependenciesID=d8ac26ea10a3e69d19404a60e7ddc1a3 StaticDependenciesID=db71455d793465b313ea4d29a972f65a 
Number of updated asset objects reloaded before import = 0
Number of asset objects unloaded after import = 0
========================================================================
Received Import Request.
  Time of request: 2026-08-31T15:54:38.617624Z
  Time since last request: 0.0004497 seconds.
  importAddress: GUID: 52914797730fbec4c83bdfbebe5c5789 - Path: Assets/SourceFiles/Scripts/Simulation/Generation2DailyIfEngine.cs - Importer: ScriptedImporter/UnityEditor.QuickSearchModule:UnityEditor.Search:ASIAI0B
Importing 'GUID: 52914797730fbec4c83bdfbebe5c5789 - Path: Assets/SourceFiles/Scripts/Simulation/Generation2DailyIfEngine.cs - Importer: ScriptedImporter/UnityEditor.QuickSearchModule:UnityEditor.Search:ASIAI0B' with importer (ScriptedImporter : UnityEditor.QuickSearchModule:UnityEditor.Search:ASIAI0B)
Imported 'GUID: 52914797730fbec4c83bdfbebe5c5789' -> (Import Result ID: 'e5b749afdda765e71629357679f8cb14') in 0.003 seconds [static and dynamic dependencies]. Details - ImportResultOutputID=5b8e67e0dec3da99f2147e3afe70a622 DependenciesID=bb825306d159bcd0b722589b00fba99f StaticDependenciesID=c94ae2bb7e475c336558ff45cc3aa620 
Number of updated asset objects reloaded before import = 0
Number of asset objects unloaded after import = 0
========================================================================
Received Import Request.
  Time of request: 2026-08-31T15:54:38.6317948Z
  Time since last request: 0.0005667 seconds.
  importAddress: GUID: 6e1267e52f0027c428000349447e9a87 - Path: Assets/SourceFiles/Scripts/CombatStats.cs - Importer: ScriptedImporter/UnityEditor.QuickSearchModule:UnityEditor.Search:ASIAI0B
Importing 'GUID: 6e1267e52f0027c428000349447e9a87 - Path: Assets/SourceFiles/Scripts/CombatStats.cs - Importer: ScriptedImporter/UnityEditor.QuickSearchModule:UnityEditor.Search:ASIAI0B' with importer (ScriptedImporter : UnityEditor.QuickSearchModule:UnityEditor.Search:ASIAI0B)
Imported 'GUID: 6e1267e52f0027c428000349447e9a87' -> (Import Result ID: 'e3721fad44edf4194a6aae0578a5dc55') in 0.004 seconds [static and dynamic dependencies]. Details - ImportResultOutputID=09ba88b0c87f7a36c954c4f89a81a1c2 DependenciesID=923b0cf30b4d3d2296ee1a24ed34085f StaticDependenciesID=95e4079fc6363a2ba6be7113e965aa2e 
Number of updated asset objects reloaded before import = 0
Number of asset objects unloaded after import = 0
========================================================================
Received Import Request.
  Time of request: 2026-08-31T15:54:38.6488336Z
  Time since last request: 0.00049 seconds.
  importAddress: GUID: f143c5f403b6eac4eaf3c850d38a78c5 - Path: Assets/SourceFiles/Scripts/Simulation/DailySimulationEngine.cs - Importer: ScriptedImporter/UnityEditor.QuickSearchModule:UnityEditor.Search:ASIAI0B
Importing 'GUID: f143c5f403b6eac4eaf3c850d38a78c5 - Path: Assets/SourceFiles/Scripts/Simulation/DailySimulationEngine.cs - Importer: ScriptedImporter/UnityEditor.QuickSearchModule:UnityEditor.Search:ASIAI0B' with importer (ScriptedImporter : UnityEditor.QuickSearchModule:UnityEditor.Search:ASIAI0B)
Imported 'GUID: f143c5f403b6eac4eaf3c850d38a78c5' -> (Import Result ID: '9c9d60bf7690e6c9435ca2fb90c24d27') in 0.004 seconds [static and dynamic dependencies]. Details - ImportResultOutputID=427228a7ae628b5dfc81b51f996f972f DependenciesID=428d8c01c85e701487fe36a944e232b2 StaticDependenciesID=def7a69dfcc320cdc31110fc4c122216 
Number of updated asset objects reloaded before import = 0
Number of asset objects unloaded after import = 0
========================================================================
Received Import Request.
  Time of request: 2026-08-31T15:54:38.6654726Z
  Time since last request: 0.0006362 seconds.
  importAddress: GUID: d5669b3389a95c24c8d77a34274031df - Path: Assets/SourceFiles/Scripts/DemoTimeLineManager.cs - Importer: ScriptedImporter/UnityEditor.QuickSearchModule:UnityEditor.Search:ASIAI0B
Importing 'GUID: d5669b3389a95c24c8d77a34274031df - Path: Assets/SourceFiles/Scripts/DemoTimeLineManager.cs - Importer: ScriptedImporter/UnityEditor.QuickSearchModule:UnityEditor.Search:ASIAI0B' with importer (ScriptedImporter : UnityEditor.QuickSearchModule:UnityEditor.Search:ASIAI0B)
Imported 'GUID: d5669b3389a95c24c8d77a34274031df' -> (Import Result ID: 'd9304cbb13e6862b97af72cb1b1b04e2') in 0.004 seconds [static and dynamic dependencies]. Details - ImportResultOutputID=661910eb9047975be9ae74d081ce2ade DependenciesID=3e7fa17233626a72d3a5a90053d39c69 StaticDependenciesID=59c900570e404b029ce41ff0fa20b45d 
Number of updated asset objects reloaded before import = 0
Number of asset objects unloaded after import = 0
========================================================================
Received Import Request.
  Time of request: 2026-08-31T15:54:38.6855959Z
  Time since last request: 0.0006224 seconds.
  importAddress: GUID: 47522529fdbdc114e9e60f86b1eec053 - Path: Assets/SourceFiles/Scripts/Simulation/TurnTransitionEngine.cs - Importer: ScriptedImporter/UnityEditor.QuickSearchModule:UnityEditor.Search:ASIAI0B
Importing 'GUID: 47522529fdbdc114e9e60f86b1eec053 - Path: Assets/SourceFiles/Scripts/Simulation/TurnTransitionEngine.cs - Importer: ScriptedImporter/UnityEditor.QuickSearchModule:UnityEditor.Search:ASIAI0B' with importer (ScriptedImporter : UnityEditor.QuickSearchModule:UnityEditor.Search:ASIAI0B)
Imported 'GUID: 47522529fdbdc114e9e60f86b1eec053' -> (Import Result ID: 'd67e4ec6064b528be3ed9377ae2d79cf') in 0.003 seconds [static and dynamic dependencies]. Details - ImportResultOutputID=ab2fdc7428187c9898d3915228d1f2df DependenciesID=6242bc0fbbe1dd7dfa5b6c0b71317899 StaticDependenciesID=70cd5d5daf90c076d39aa450b75158a7 
Number of updated asset objects reloaded before import = 0
Number of asset objects unloaded after import = 0
========================================================================
Received Import Request.
  Time of request: 2026-08-31T15:54:38.7037079Z
  Time since last request: 0.0004396 seconds.
  importAddress: GUID: 31f0120bded4dc345a72e5ecbadfb13c - Path: Assets/SourceFiles/Scripts/Simulation/TimelineGenerationLoopEngine.cs - Importer: ScriptedImporter/UnityEditor.QuickSearchModule:UnityEditor.Search:ASIAI0B
Importing 'GUID: 31f0120bded4dc345a72e5ecbadfb13c - Path: Assets/SourceFiles/Scripts/Simulation/TimelineGenerationLoopEngine.cs - Importer: ScriptedImporter/UnityEditor.QuickSearchModule:UnityEditor.Search:ASIAI0B' with importer (ScriptedImporter : UnityEditor.QuickSearchModule:UnityEditor.Search:ASIAI0B)
Imported 'GUID: 31f0120bded4dc345a72e5ecbadfb13c' -> (Import Result ID: 'c241c449d39dff07c26d152b34a00bf8') in 0.003 seconds [static and dynamic dependencies]. Details - ImportResultOutputID=d8b059036a7848a3759e2107fff975ea DependenciesID=93c4915aa3767098c22958f0cf4414ee StaticDependenciesID=c98c9233cb2fa7fad5c646d19422670d 
Number of updated asset objects reloaded before import = 0
Number of asset objects unloaded after import = 0
========================================================================
Received Import Request.
  Time of request: 2026-08-31T15:54:38.7204352Z
  Time since last request: 0.0005288 seconds.
  importAddress: GUID: 09b826fc3ca49eb41a119fbb340c7ccd - Path: Assets/SourceFiles/Scripts/PlayerAttackController.cs - Importer: ScriptedImporter/UnityEditor.QuickSearchModule:UnityEditor.Search:ASIAI0B
Importing 'GUID: 09b826fc3ca49eb41a119fbb340c7ccd - Path: Assets/SourceFiles/Scripts/PlayerAttackController.cs - Importer: ScriptedImporter/UnityEditor.QuickSearchModule:UnityEditor.Search:ASIAI0B' with importer (ScriptedImporter : UnityEditor.QuickSearchModule:UnityEditor.Search:ASIAI0B)
Imported 'GUID: 09b826fc3ca49eb41a119fbb340c7ccd' -> (Import Result ID: 'fadeece6abb0166610cf30eb72ded5e8') in 0.004 seconds [static and dynamic dependencies]. Details - ImportResultOutputID=ba2292a6624fe5c29df7c7cea5447fe8 DependenciesID=9a1ebf3825e85f51d4871dc6bc80bca2 StaticDependenciesID=dc7dde24f4fd51a598f889ab8220df88 
Number of updated asset objects reloaded before import = 0
Number of asset objects unloaded after import = 0
========================================================================
Received Import Request.
  Time of request: 2026-08-31T15:54:38.7381232Z
  Time since last request: 0.0004756 seconds.
  importAddress: GUID: 3835328458b3ca7458fe0fc02e9e804b - Path: Assets/Resources/GameMasters/GameMasters_Sample.json - Importer: ScriptedImporter/UnityEditor.QuickSearchModule:UnityEditor.Search:ASIAI0B
Importing 'GUID: 3835328458b3ca7458fe0fc02e9e804b - Path: Assets/Resources/GameMasters/GameMasters_Sample.json - Importer: ScriptedImporter/UnityEditor.QuickSearchModule:UnityEditor.Search:ASIAI0B' with importer (ScriptedImporter : UnityEditor.QuickSearchModule:UnityEditor.Search:ASIAI0B)
Imported 'GUID: 3835328458b3ca7458fe0fc02e9e804b' -> (Import Result ID: '34e434a0e73383c3b14b4d7e46f0c0ca') in 0.005 seconds [static and dynamic dependencies]. Details - ImportResultOutputID=4f31f0aac69fc144897a8fdd2cc94c98 DependenciesID=266b85bee51a1ababc640ff87c978643 StaticDependenciesID=2aec7ef9d83e18ef73ed965dad47c160 
Number of updated asset objects reloaded before import = 0
Number of asset objects unloaded after import = 1
========================================================================
Received Import Request.
  Time of request: 2026-08-31T15:54:38.7564525Z
  Time since last request: 0.0003821 seconds.
  importAddress: GUID: f869823a846eda04db06bb927b553136 - Path: Assets/SourceFiles/Scripts/Simulation/HistoryBranchManager.cs - Importer: ScriptedImporter/UnityEditor.QuickSearchModule:UnityEditor.Search:ASIAI0B
Importing 'GUID: f869823a846eda04db06bb927b553136 - Path: Assets/SourceFiles/Scripts/Simulation/HistoryBranchManager.cs - Importer: ScriptedImporter/UnityEditor.QuickSearchModule:UnityEditor.Search:ASIAI0B' with importer (ScriptedImporter : UnityEditor.QuickSearchModule:UnityEditor.Search:ASIAI0B)
Imported 'GUID: f869823a846eda04db06bb927b553136' -> (Import Result ID: '912871c304864081db968e55caf85363') in 0.004 seconds [static and dynamic dependencies]. Details - ImportResultOutputID=2562ffb89a9cad4f71985c7b00e13dc7 DependenciesID=5a25825b8d95d9e784f90d004386616c StaticDependenciesID=09d4661fbf2ea8eb37385246b49025dc 
Number of updated asset objects reloaded before import = 0
Number of asset objects unloaded after import = 0
========================================================================
Received Import Request.
  Time of request: 2026-08-31T15:54:38.7749825Z
  Time since last request: 0.0005158 seconds.
  importAddress: GUID: ee3df2376210cb94c9cfef36aebc34f8 - Path: Assets/SourceFiles/Scripts/Simulation/MicroToMacroAggregator.cs - Importer: ScriptedImporter/UnityEditor.QuickSearchModule:UnityEditor.Search:ASIAI0B
Importing 'GUID: ee3df2376210cb94c9cfef36aebc34f8 - Path: Assets/SourceFiles/Scripts/Simulation/MicroToMacroAggregator.cs - Importer: ScriptedImporter/UnityEditor.QuickSearchModule:UnityEditor.Search:ASIAI0B' with importer (ScriptedImporter : UnityEditor.QuickSearchModule:UnityEditor.Search:ASIAI0B)
Imported 'GUID: ee3df2376210cb94c9cfef36aebc34f8' -> (Import Result ID: '3d6ad578c28bcb1d24503867fff58751') in 0.003 seconds [static and dynamic dependencies]. Details - ImportResultOutputID=4e47f88e652e820c835557f7a2407eb3 DependenciesID=420f878ff5afe01d44fbd4b0b771146f StaticDependenciesID=44e80cda377f098797649f14ca5e26ab 
Number of updated asset objects reloaded before import = 0
Number of asset objects unloaded after import = 0
========================================================================
Received Import Request.
  Time of request: 2026-08-31T15:54:38.7937377Z
  Time since last request: 0.0004114 seconds.
  importAddress: GUID: 20abcb754ccbea5418233adfcdda18d1 - Path: Assets/SourceFiles/Scripts/Simulation/WestRegionSimulationManager.cs - Importer: ScriptedImporter/UnityEditor.QuickSearchModule:UnityEditor.Search:ASIAI0B
Importing 'GUID: 20abcb754ccbea5418233adfcdda18d1 - Path: Assets/SourceFiles/Scripts/Simulation/WestRegionSimulationManager.cs - Importer: ScriptedImporter/UnityEditor.QuickSearchModule:UnityEditor.Search:ASIAI0B' with importer (ScriptedImporter : UnityEditor.QuickSearchModule:UnityEditor.Search:ASIAI0B)
Imported 'GUID: 20abcb754ccbea5418233adfcdda18d1' -> (Import Result ID: '3aa4af4e8117b2f5b30257cc3bb31b65') in 0.002 seconds [static and dynamic dependencies]. Details - ImportResultOutputID=e4707d4c7c59125486b823d7dff766f9 DependenciesID=8bc96ee2659f5606e1714775b3357bb9 StaticDependenciesID=0429b5785302c1073f5ca70eeddf53be 
Number of updated asset objects reloaded before import = 0
Number of asset objects unloaded after import = 0
========================================================================
Received Import Request.
  Time of request: 2026-08-31T15:54:38.8081799Z
  Time since last request: 0.0003305 seconds.
  importAddress: GUID: 6888813f2bd9e4521b9b1343abf0c60f - Path: Assets/Scenes/GetStarted_Scene.unity - Importer: ScriptedImporter/UnityEditor.QuickSearchModule:UnityEditor.Search:ASIAI0B
Importing 'GUID: 6888813f2bd9e4521b9b1343abf0c60f - Path: Assets/Scenes/GetStarted_Scene.unity - Importer: ScriptedImporter/UnityEditor.QuickSearchModule:UnityEditor.Search:ASIAI0B' with importer (ScriptedImporter : UnityEditor.QuickSearchModule:UnityEditor.Search:ASIAI0B)
Imported 'GUID: 6888813f2bd9e4521b9b1343abf0c60f' -> (Import Result ID: '43949ccc5cc1184152e1cc6fb4d061bf') in 0.008 seconds [static and dynamic dependencies]. Details - ImportResultOutputID=8560346a051ca3ecd610c0535762bfd3 DependenciesID=8f7ac79c4f9d3c12f2c10824da1786f1 StaticDependenciesID=dfab5d6df2c9bb34038b4df06f16a96f 
Number of updated asset objects reloaded before import = 0
Number of asset objects unloaded after import = 1
========================================================================
Received Import Request.
  Time of request: 2026-08-31T15:54:38.82962Z
  Time since last request: 0.0002705 seconds.
  importAddress: GUID: e087ecce43ebbff45a1b360637807d93 - Path: Assets/SourceFiles/InputSystem/StarterAssetsInputs.cs - Importer: ScriptedImporter/UnityEditor.QuickSearchModule:UnityEditor.Search:ASIAI0B
Importing 'GUID: e087ecce43ebbff45a1b360637807d93 - Path: Assets/SourceFiles/InputSystem/StarterAssetsInputs.cs - Importer: ScriptedImporter/UnityEditor.QuickSearchModule:UnityEditor.Search:ASIAI0B' with importer (ScriptedImporter : UnityEditor.QuickSearchModule:UnityEditor.Search:ASIAI0B)
Imported 'GUID: e087ecce43ebbff45a1b360637807d93' -> (Import Result ID: '314bd015dee9422715f73614818121dd') in 0.003 seconds [static and dynamic dependencies]. Details - ImportResultOutputID=9fbfe08daa23a512398239ac5fdb34d1 DependenciesID=799b1155ce093ea9928427f3730b973c StaticDependenciesID=c89eb1696119705437d913e914ee9437 
Number of updated asset objects reloaded before import = 0
Number of asset objects unloaded after import = 0
========================================================================
Received Import Request.
  Time of request: 2026-08-31T15:54:38.8451258Z
  Time since last request: 0.0003667 seconds.
  importAddress: GUID: 5cfe547afdc1bb248b99ef50fc0d9ba4 - Path: Assets/SourceFiles/Scripts/Simulation/EnvironmentBiorhythmEngine.cs - Importer: ScriptedImporter/UnityEditor.QuickSearchModule:UnityEditor.Search:ASIAI0B
Importing 'GUID: 5cfe547afdc1bb248b99ef50fc0d9ba4 - Path: Assets/SourceFiles/Scripts/Simulation/EnvironmentBiorhythmEngine.cs - Importer: ScriptedImporter/UnityEditor.QuickSearchModule:UnityEditor.Search:ASIAI0B' with importer (ScriptedImporter : UnityEditor.QuickSearchModule:UnityEditor.Search:ASIAI0B)
Imported 'GUID: 5cfe547afdc1bb248b99ef50fc0d9ba4' -> (Import Result ID: 'f505fdf79e9cca79f9b4e3d6d5b6569c') in 0.003 seconds [static and dynamic dependencies]. Details - ImportResultOutputID=62f3f50cb1f894719fc42e7e8437ad37 DependenciesID=ead754d85459286b5a4f6381cecdea4d StaticDependenciesID=0e1cda9fd7ab5cce1494d95ad68b0298 
Number of updated asset objects reloaded before import = 0
Number of asset objects unloaded after import = 0
========================================================================
Received Import Request.
  Time of request: 2026-08-31T15:54:38.8601247Z
  Time since last request: 0.000273 seconds.
  importAddress: GUID: 00f0778d4bcd58046a374d3b54931a97 - Path: Assets/SourceFiles/Scripts/Simulation/GeographicFeatureDetector.cs - Importer: ScriptedImporter/UnityEditor.QuickSearchModule:UnityEditor.Search:ASIAI0B
Importing 'GUID: 00f0778d4bcd58046a374d3b54931a97 - Path: Assets/SourceFiles/Scripts/Simulation/GeographicFeatureDetector.cs - Importer: ScriptedImporter/UnityEditor.QuickSearchModule:UnityEditor.Search:ASIAI0B' with importer (ScriptedImporter : UnityEditor.QuickSearchModule:UnityEditor.Search:ASIAI0B)
Imported 'GUID: 00f0778d4bcd58046a374d3b54931a97' -> (Import Result ID: 'a34f4bc69760ce3a3c467e5488d32641') in 0.002 seconds [static and dynamic dependencies]. Details - ImportResultOutputID=a6576b62e9ed9e710addc6ef9fc498c7 DependenciesID=466d0a4986e8d1b982f9dab929f92ad7 StaticDependenciesID=5b727d28887a01727fea19895c995a31 
Number of updated asset objects reloaded before import = 0
Number of asset objects unloaded after import = 0
========================================================================
Received Import Request.
  Time of request: 2026-08-31T15:54:38.8749232Z
  Time since last request: 0.0003385 seconds.
  importAddress: GUID: a1b8f66cc8f12df49bf582766f95c43d - Path: Assets/SourceFiles/Scripts/Simulation/GeographicNaturalDisasterEngine.cs - Importer: ScriptedImporter/UnityEditor.QuickSearchModule:UnityEditor.Search:ASIAI0B
Importing 'GUID: a1b8f66cc8f12df49bf582766f95c43d - Path: Assets/SourceFiles/Scripts/Simulation/GeographicNaturalDisasterEngine.cs - Importer: ScriptedImporter/UnityEditor.QuickSearchModule:UnityEditor.Search:ASIAI0B' with importer (ScriptedImporter : UnityEditor.QuickSearchModule:UnityEditor.Search:ASIAI0B)
Imported 'GUID: a1b8f66cc8f12df49bf582766f95c43d' -> (Import Result ID: '19bd5c0316351952cbbc378b6f716398') in 0.003 seconds [static and dynamic dependencies]. Details - ImportResultOutputID=0af80b71b1c53dfafac716b95547f1a1 DependenciesID=dc72895f44f1c42ada607a4ef3ddeece StaticDependenciesID=d7bb0175ee0c8e7ab1531c85af26a745 
Number of updated asset objects reloaded before import = 0
Number of asset objects unloaded after import = 0
========================================================================
Received Import Request.
  Time of request: 2026-08-31T15:54:38.8888712Z
  Time since last request: 0.0003042 seconds.
  importAddress: GUID: c0a0ea39c026daa49be30d372d7b79ea - Path: Assets/SourceFiles/Scripts/Simulation/HistoricalNpcCaster.cs - Importer: ScriptedImporter/UnityEditor.QuickSearchModule:UnityEditor.Search:ASIAI0B
Importing 'GUID: c0a0ea39c026daa49be30d372d7b79ea - Path: Assets/SourceFiles/Scripts/Simulation/HistoricalNpcCaster.cs - Importer: ScriptedImporter/UnityEditor.QuickSearchModule:UnityEditor.Search:ASIAI0B' with importer (ScriptedImporter : UnityEditor.QuickSearchModule:UnityEditor.Search:ASIAI0B)
Imported 'GUID: c0a0ea39c026daa49be30d372d7b79ea' -> (Import Result ID: '79daa941690a85cf4d3463013af1485c') in 0.004 seconds [static and dynamic dependencies]. Details - ImportResultOutputID=774be67e2bc7d61deadac880e0734c86 DependenciesID=35792c57e13e5ad19ca7e8f61f3e490b StaticDependenciesID=edd8d3dbe1b9de0dc093d88481fb4d7d 
Number of updated asset objects reloaded before import = 0
Number of asset objects unloaded after import = 0
========================================================================
Received Import Request.
  Time of request: 2026-08-31T15:54:38.9038418Z
  Time since last request: 0.000382 seconds.
  importAddress: GUID: a2d71a758a0f78444b81ee2576ed7411 - Path: Assets/SourceFiles/Scripts/Simulation/TimelineSelectorPresenter.cs - Importer: ScriptedImporter/UnityEditor.QuickSearchModule:UnityEditor.Search:ASIAI0B
Importing 'GUID: a2d71a758a0f78444b81ee2576ed7411 - Path: Assets/SourceFiles/Scripts/Simulation/TimelineSelectorPresenter.cs - Importer: ScriptedImporter/UnityEditor.QuickSearchModule:UnityEditor.Search:ASIAI0B' with importer (ScriptedImporter : UnityEditor.QuickSearchModule:UnityEditor.Search:ASIAI0B)
Imported 'GUID: a2d71a758a0f78444b81ee2576ed7411' -> (Import Result ID: '07ab7a90670a5d122db39b35835508b9') in 0.002 seconds [static and dynamic dependencies]. Details - ImportResultOutputID=d4dacc00a0eb54a1821734045d7acb25 DependenciesID=8c891e6881cd2ce27e3fc9fab2f74d81 StaticDependenciesID=6ff97c7d52984dd20ec67ce227f8d772 
Number of updated asset objects reloaded before import = 0
Number of asset objects unloaded after import = 0
========================================================================
Received Import Request.
  Time of request: 2026-08-31T15:54:38.9191704Z
  Time since last request: 0.0002908 seconds.
  importAddress: GUID: 756ea424d4d83e44d94f275aae26cc9e - Path: Assets/SourceFiles/Scripts/Simulation/Generation2TransitionEngine.cs - Importer: ScriptedImporter/UnityEditor.QuickSearchModule:UnityEditor.Search:ASIAI0B
Importing 'GUID: 756ea424d4d83e44d94f275aae26cc9e - Path: Assets/SourceFiles/Scripts/Simulation/Generation2TransitionEngine.cs - Importer: ScriptedImporter/UnityEditor.QuickSearchModule:UnityEditor.Search:ASIAI0B' with importer (ScriptedImporter : UnityEditor.QuickSearchModule:UnityEditor.Search:ASIAI0B)
Imported 'GUID: 756ea424d4d83e44d94f275aae26cc9e' -> (Import Result ID: 'e4bbd0629193650ad6072b07f9f0d9ae') in 0.003 seconds [static and dynamic dependencies]. Details - ImportResultOutputID=7dc2aafca4a7295ecc3cbb9deb7f57cf DependenciesID=acd780b92deb44b7da1245911cbf60c9 StaticDependenciesID=5c04def8fb7f8def2275feff2a3da446 
Number of updated asset objects reloaded before import = 0
Number of asset objects unloaded after import = 0
========================================================================
Received Import Request.
  Time of request: 2026-08-31T15:54:38.9360659Z
  Time since last request: 0.000539 seconds.
  importAddress: GUID: 6f36cbc2f82ff124b8478633cb5738ac - Path: Assets/SourceFiles/Scripts/Simulation/SimulationVerifyBootstrap.cs - Importer: ScriptedImporter/UnityEditor.QuickSearchModule:UnityEditor.Search:ASIAI0B
Importing 'GUID: 6f36cbc2f82ff124b8478633cb5738ac - Path: Assets/SourceFiles/Scripts/Simulation/SimulationVerifyBootstrap.cs - Importer: ScriptedImporter/UnityEditor.QuickSearchModule:UnityEditor.Search:ASIAI0B' with importer (ScriptedImporter : UnityEditor.QuickSearchModule:UnityEditor.Search:ASIAI0B)
Imported 'GUID: 6f36cbc2f82ff124b8478633cb5738ac' -> (Import Result ID: '7e1734ac42ce642369e97e64ab1b57e7') in 0.003 seconds [static and dynamic dependencies]. Details - ImportResultOutputID=62452a0f063da17180882ce791647c54 DependenciesID=0eaaa51113a4615afc278bdfbe0fb15a StaticDependenciesID=ff1da0b92ed4ef943848eb2bf2c884df 
Number of updated asset objects reloaded before import = 0
Number of asset objects unloaded after import = 0
========================================================================
Received Import Request.
  Time of request: 2026-08-31T15:54:38.9529431Z
  Time since last request: 0.0003635 seconds.
  importAddress: GUID: 4628c48152db05d46aea979f9e48ffb4 - Path: Assets/SourceFiles/Scripts/Simulation/HistoryTimelineBranch.cs - Importer: ScriptedImporter/UnityEditor.QuickSearchModule:UnityEditor.Search:ASIAI0B
Importing 'GUID: 4628c48152db05d46aea979f9e48ffb4 - Path: Assets/SourceFiles/Scripts/Simulation/HistoryTimelineBranch.cs - Importer: ScriptedImporter/UnityEditor.QuickSearchModule:UnityEditor.Search:ASIAI0B' with importer (ScriptedImporter : UnityEditor.QuickSearchModule:UnityEditor.Search:ASIAI0B)
Imported 'GUID: 4628c48152db05d46aea979f9e48ffb4' -> (Import Result ID: '9df523ff0f2cffd45e1e351ada99ba80') in 0.002 seconds [static and dynamic dependencies]. Details - ImportResultOutputID=38da1042dfb2dc9ed32afd24c6a1b07b DependenciesID=37bcdadd85b1f3f3555495878e77c758 StaticDependenciesID=4eb3c563e51b2d158341c6cfe6f999fc 
Number of updated asset objects reloaded before import = 0
Number of asset objects unloaded after import = 0
========================================================================
Received Import Request.
  Time of request: 2026-08-31T15:54:38.9662939Z
  Time since last request: 0.0003941 seconds.
  importAddress: GUID: 896f3316ed8dbf5489711b5db06fdb69 - Path: Assets/SourceFiles/Scripts/DebugHotkeyBootstrap.cs - Importer: ScriptedImporter/UnityEditor.QuickSearchModule:UnityEditor.Search:ASIAI0B
Importing 'GUID: 896f3316ed8dbf5489711b5db06fdb69 - Path: Assets/SourceFiles/Scripts/DebugHotkeyBootstrap.cs - Importer: ScriptedImporter/UnityEditor.QuickSearchModule:UnityEditor.Search:ASIAI0B' with importer (ScriptedImporter : UnityEditor.QuickSearchModule:UnityEditor.Search:ASIAI0B)
Imported 'GUID: 896f3316ed8dbf5489711b5db06fdb69' -> (Import Result ID: '8e821267289d3fde643af2a249885419') in 0.003 seconds [static and dynamic dependencies]. Details - ImportResultOutputID=41f69c7acb50a83288d64966a83cf352 DependenciesID=99e6f5c922a183d84a9f2f3dc9d2b2d2 StaticDependenciesID=92442824c72e181b63a9d2cfe357a864 
Number of updated asset objects reloaded before import = 0
Number of asset objects unloaded after import = 0
========================================================================
Received Import Request.
  Time of request: 2026-08-31T15:54:38.9826027Z
  Time since last request: 0.0003757 seconds.
  importAddress: GUID: e5f60718293a4b5c6d7e8f901a2b3c4d - Path: Assets/SourceFiles/Scripts/EraContextResolver.cs - Importer: ScriptedImporter/UnityEditor.QuickSearchModule:UnityEditor.Search:ASIAI0B
Importing 'GUID: e5f60718293a4b5c6d7e8f901a2b3c4d - Path: Assets/SourceFiles/Scripts/EraContextResolver.cs - Importer: ScriptedImporter/UnityEditor.QuickSearchModule:UnityEditor.Search:ASIAI0B' with importer (ScriptedImporter : UnityEditor.QuickSearchModule:UnityEditor.Search:ASIAI0B)
Imported 'GUID: e5f60718293a4b5c6d7e8f901a2b3c4d' -> (Import Result ID: '7e9d1d803bd7c8edb072c9c4dc899ef2') in 0.004 seconds [static and dynamic dependencies]. Details - ImportResultOutputID=1d74da4fe498fd7b1c4b34eaad83da64 DependenciesID=74727c68e929ce1d5245fe3e8b400974 StaticDependenciesID=0c95ea281fdaba1d61b0a726e9c443be 
Number of updated asset objects reloaded before import = 0
Number of asset objects unloaded after import = 0
========================================================================
Received Import Request.
  Time of request: 2026-08-31T15:54:38.9985135Z
  Time since last request: 0.0004748 seconds.
  importAddress: GUID: d409dc654e9790b4c8d05e697548e10d - Path: Assets/SourceFiles/Scripts/PlayerStatusManager.cs - Importer: ScriptedImporter/UnityEditor.QuickSearchModule:UnityEditor.Search:ASIAI0B
Importing 'GUID: d409dc654e9790b4c8d05e697548e10d - Path: Assets/SourceFiles/Scripts/PlayerStatusManager.cs - Importer: ScriptedImporter/UnityEditor.QuickSearchModule:UnityEditor.Search:ASIAI0B' with importer (ScriptedImporter : UnityEditor.QuickSearchModule:UnityEditor.Search:ASIAI0B)
Imported 'GUID: d409dc654e9790b4c8d05e697548e10d' -> (Import Result ID: 'b103977c6bc87fac8a2971c3d76a76fa') in 0.003 seconds [static and dynamic dependencies]. Details - ImportResultOutputID=fdf37411d3eed05ee918853d2748d565 DependenciesID=26b29cf49ccfe9f426e7851ed11fa4ab StaticDependenciesID=bc312c8207bfc6aca4282bcb1261970e 
Number of updated asset objects reloaded before import = 0
Number of asset objects unloaded after import = 0
========================================================================
Received Import Request.
  Time of request: 2026-08-31T15:54:39.0129119Z
  Time since last request: 0.0003673 seconds.
  importAddress: GUID: 44d634424ca3fe04dbba5ecffcacecf2 - Path: Assets/SourceFiles/Scripts/Simulation/TimelineCharacterSelector.cs - Importer: ScriptedImporter/UnityEditor.QuickSearchModule:UnityEditor.Search:ASIAI0B
Importing 'GUID: 44d634424ca3fe04dbba5ecffcacecf2 - Path: Assets/SourceFiles/Scripts/Simulation/TimelineCharacterSelector.cs - Importer: ScriptedImporter/UnityEditor.QuickSearchModule:UnityEditor.Search:ASIAI0B' with importer (ScriptedImporter : UnityEditor.QuickSearchModule:UnityEditor.Search:ASIAI0B)
Imported 'GUID: 44d634424ca3fe04dbba5ecffcacecf2' -> (Import Result ID: '15856cb0d0c543c24ba05efab6dcdb0c') in 0.004 seconds [static and dynamic dependencies]. Details - ImportResultOutputID=c8e69843571a58815ef062ca6f23845f DependenciesID=c830c06c757c15fd8a7bd116f796da9f StaticDependenciesID=2f7ecfed95e8e3529a24beb942985a1b 
Number of updated asset objects reloaded before import = 0
Number of asset objects unloaded after import = 0
========================================================================
Received Import Request.
  Time of request: 2026-08-31T15:54:39.0293359Z
  Time since last request: 0.000401 seconds.
  importAddress: GUID: 8f0ad7925f00d1f47ac75fddf87da412 - Path: Assets/SourceFiles/Scripts/Simulation/NpcStatusManager.cs - Importer: ScriptedImporter/UnityEditor.QuickSearchModule:UnityEditor.Search:ASIAI0B
Importing 'GUID: 8f0ad7925f00d1f47ac75fddf87da412 - Path: Assets/SourceFiles/Scripts/Simulation/NpcStatusManager.cs - Importer: ScriptedImporter/UnityEditor.QuickSearchModule:UnityEditor.Search:ASIAI0B' with importer (ScriptedImporter : UnityEditor.QuickSearchModule:UnityEditor.Search:ASIAI0B)
Imported 'GUID: 8f0ad7925f00d1f47ac75fddf87da412' -> (Import Result ID: 'bac6f5f1198de6736d9e34ec8d2963ce') in 0.002 seconds [static and dynamic dependencies]. Details - ImportResultOutputID=abac4a4c86d9adeddab7a3289c5906bd DependenciesID=b960a00c5e07e9a2c6e5d03757cdf7c6 StaticDependenciesID=e7dc4167424a3c6bf3b62312e72c6d2c 
Number of updated asset objects reloaded before import = 0
Number of asset objects unloaded after import = 0
Editor requested this worker to shutdown with reason: Scaling down because of idle timeout
AcceleratorClientConnectionCallback - disconnected - :0
AssetImportWorker is now disconnected from the server
Process exiting
Exiting without the bug reporter. Application will terminate with return code 0