[Licensing::Module] Trying to connect to existing licensing client channel...
Built from '6000.5/staging' branch; Version is '6000.5.0f1 (88b47c5e7076) revision 8959100'; Using compiler version '194234433'; Build Type 'Release'
OS: 'Windows 11  (10.0.26200) Core' Language: 'ja' Physical Memory: 32581 MB
BatchMode: 1, IsHumanControllingUs: 0, StartBugReporterOnCrash: 0, Is64bit: 1
[Licensing::IpcConnector] Successfully connected to: "LicenseClient-ri4re" at "2026-08-30T11:31:50.2643579Z"
System  architecture: x64
Process architecture: x64
Date: 2026-08-30T11:31:50Z

COMMAND LINE ARGUMENTS:
C:\Program Files\Unity\Hub\Editor\6000.5.0f1\Editor\Unity.exe
-batchmode
-nographics
-projectPath
F:\制作物\その6\ラノベファンタジー
-executeMethod
DynamicMasterGenerationMenu.BatchVerifyAndQuit
-logFile
F:\制作物\その6\ラノベファンタジー\Logs\dynamic_master_batch.log
Successfully changed project path to: F:\制作物\その6\ラノベファンタジー
F:/制作物/その6/ラノベファンタジー
Exiting without the bug reporter. Application will terminate with return code 1